// Jest Snapshot v1, https://goo.gl/fbAQLP

exports[`<Main /> should render the component 1`] = `
.c0 {
  display: -webkit-box;
  display: -webkit-flex;
  display: -ms-flexbox;
  display: flex;
  width: 100%;
  background-color: #0D0D0D;
  -webkit-align-items: center;
  -webkit-box-align: center;
  -ms-flex-align: center;
  align-items: center;
  -webkit-box-pack: center;
  -webkit-justify-content: center;
  -ms-flex-pack: center;
  justify-content: center;
  padding-top: 100px;
}

.c1 {
  width: 100%;
  min-height: 100vh;
  max-width: 130rem;
  display: -webkit-box;
  display: -webkit-flex;
  display: -ms-flexbox;
  display: flex;
  -webkit-flex-direction: column;
  -ms-flex-direction: column;
  flex-direction: column;
  -webkit-align-items: center;
  -webkit-box-align: center;
  -ms-flex-align: center;
  align-items: center;
  -webkit-box-pack: center;
  -webkit-justify-content: center;
  -ms-flex-pack: center;
  justify-content: center;
  background-color: #121212;
  border-radius: 0.4rem;
  padding: 2.4rem 1.6rem 0px 1.6rem;
}

<div>
  <div
    class="c0"
  >
    <div
      class="c1"
    >
      <h1>
        Next Example
      </h1>
    </div>
  </div>
</div>
`;
